 ⁂ GROVE · golden 1 working · 1 mail · 1
╭──────────────────────────────────────╮
│ AGENTS                               │
│    TICKET     REPO       STATUS      │
│ ▸● grove-18   grove      leafing     │
│  ◆ grove-19   grove      QUESTION    │
╰──────────────────────────────────────╯
╭──────────────────────────────────────╮
│ CHATS 4 · 2 hidden                   │
│    CHAT                   STATE      │
│  ▣ cockpit·1              idle       │
│  ▣ cockpit·2 @groveremote remote     │
│   +2 more                            │
╰──────────────────────────────────────╯
╭──────────────────────────────────────╮
│ ACTIVITY                             │
│  0m      ✿  grove-18    planted — ro │
╰──────────────────────────────────────╯
 O new chat · ) profiled chat  │  ? help