 ⁂ GROVE · golden                                 1 working · 1 mail · 1 review 
╭──────────────────────────────────────────────────────────────────────────────╮
│ AGENTS                                                                       │
│    TICKET     REPO       STATUS     LIVE    PR      CI  PREVIEW  AGE    TASK │
│ ▸● grove-18   grove      leafing    working #18     ✓   —        0m          │
│  ◆ grove-19   grove      QUESTION   waiting —       —   —        0m          │
╰──────────────────────────────────────────────────────────────────────────────╯
╭──────────────────────────────────────────────────────────────────────────────╮
│ CHATS 3 · 3 hidden · 1 waiting                                               │
│    CHAT   MODEL    STATE    AGE   LAST                                       │
│  ○ chat-1 sonnet   running  6m    token-diet spec sweep · 4/7 subagents back │
│  ◆ chat-2 sonnet   WAITING  6m    asks: file as one issue or two?            │
│  ○ chat-3 sonnet   running  6m    token-diet spec sweep · 4/7 subagents back │
╰──────────────────────────────────────────────────────────────────────────────╯
╭──────────────────────────────────────────────────────────────────────────────╮
│ ACTIVITY                                                                     │
│  0m      ●  grove-18    grabbed — worktree up                                │
╰──────────────────────────────────────────────────────────────────────────────╯
·      ·      ◆      ·      ·      ·      ·      ·      ·      ·      ·      ·  
   ✿          ✿                                                                 
▁▁▁▁▁▁.▁.▁▁.▁▁▁▁▁▁▁.▁▁▁▁▁.▁▁▁▁▁▁▁▁▁,▁▁▁,▁▁▁▁▁▁▁▁▁▁▁▁▁▁▁▁.▁▁▁..▁▁▁.▁▁▁▁▁▁▁▁▁▁▁▁▁▁
  #18 0m    #19 ?   
 enter reply  │  O new chat · ) profiled chat  │  ? help · L layout · $ costs