 ⁂ GROVE · golden                                 1 working · 1 mail · 1 review 
╭──────────────────────────────────────────────────────────────────────────────╮
│ AGENTS                                                                       │
│    TICKET     REPO       STATUS     LIVE    PR      CI  PREVIEW  AGE    TASK │
│ ▸● grove-18   grove      working    working #18     ✓   —        0m          │
│  ◆ grove-19   grove      QUESTION   waiting —       —   —        0m          │
╰──────────────────────────────────────────────────────────────────────────────╯
╭──────────────────────────────────────────────────────────────────────────────╮
│ CHATS 3 · 2 hidden · 1 waiting                                               │
│    CHAT      MODEL    STATE    AGE   LAST                                    │
│  ▣ cockpit·1 opus     idle     2m    anything need me? — fleet summary sent  │
│ ▸◆ chat-2    sonnet   WAITING  6m    asks: file as one issue or two?         │
│  ○ chat-3    sonnet   running  6m    token-diet spec sweep · 4/7 subagents … │
╰──────────────────────────────────────────────────────────────────────────────╯
╭──────────────────────────────────────────────────────────────────────────────╮
│ ACTIVITY                                                                     │
│  0m      ●  grove-18    grabbed — worktree up                                │
╰──────────────────────────────────────────────────────────────────────────────╯
 h show · enter show+focus · a reply · x close  │  O new chat · )  │  ? help