 ⁂ GROVE · golden                                                                         1 working · 1 mail · 1 review 
╭──────────────────────────────────────────────────────────────────────────────────────────────────────────────────────╮
│ AGENTS                                                                                                               │
│    TICKET     REPO       STATUS     LIVE    PR      CI  PREVIEW  AGE    TASK                                         │
│ ▸● grove-18   grove      leafing    working #18     ✓   —        0m     joy                                          │
│  ◆ grove-19   grove      QUESTION   waiting —       —   —        0m     asks                                         │
╰──────────────────────────────────────────────────────────────────────────────────────────────────────────────────────╯
╭──────────────────────────────────────────────────────────────────────────────────────────────────────────────────────╮
│ CHATS 4 · 2 hidden                                                                                                   │
│    CHAT                   MODEL    STATE    AGE   LAST                                                               │
│  ▣ cockpit·1              opus     idle     2m    anything need me? — fleet summary sent                             │
│  ▣ cockpit·2 @groveremote glm-4.6  remote   41m                                                                      │
│  ○ chat-1                 sonnet   running  6m    token-diet spec sweep · 4/7 subagents back                         │
│  ○ chat-2                 sonnet   running  6m    token-diet spec sweep · 4/7 subagents back                         │
╰──────────────────────────────────────────────────────────────────────────────────────────────────────────────────────╯
╭──────────────────────────────────────────────────────────────────────────────────────────────────────────────────────╮
│ ACTIVITY                                                                                                             │
│  0m      ✿  grove-18    planted — roots taking                                                                       │
╰──────────────────────────────────────────────────────────────────────────────────────────────────────────────────────╯
·      ·      ·      ·      ·      ·      ·      ·      ·      ·      ·      ·      ·      ·      ·      ·      ·      ·
                                                                                                                        
                                                                                                                        
                                                                                                                        
                                                                                                                        
                                                                                                                        
                                                                                                                        
                                                                                                                        
                                                                                                                        
                                                                                                                        
                                                                                                                        
                                                                                                                        
                                                                                                                        
                                                                                                                        
                                                                                                                        
                                                                                                                        
                                                                                                                        
                                                                                                                        
                                                                                                                        
                                                                                                                        
                                                                                                                        
                                                                                                                        
                                                                                                                        
                                                                                                                        
                                                                                                                        
                                                                                                                        
                                                                                                                        
                                                                                                                        
                                                                                                                        
                                                                                                                        
                                                                                                                        
                                                                                                                        
              ◆                                                                                                         
                                                                                                                        
                                                                                                                        
  ♟✿          ✿                                                                                                         
▁▁▁▁▁▁.▁.▁▁.▁▁▁▁▁▁▁.▁▁▁▁▁.▁▁▁▁▁▁▁▁▁,▁▁▁,▁▁▁▁▁▁▁▁▁▁▁▁▁▁▁▁.▁▁▁..▁▁▁.▁▁▁▁▁▁▁▁▁▁▁▁▁▁▁,▁▁▁▁▁▁▁▁..,▁▁▁▁▁▁▁▁▁▁▁▁▁▁▁▁▁,▁,▁▁▁▁▁▁▁
  #18 0m    #19 ?   
 enter reply  │  O new chat · ) profiled chat  │  ? help · L layout · $ costs · * effects · X park · q quit