 ⁂ GROVE · golden 1 working · 1 mail · 1
╭──────────────────────────────────────╮
│ AGENTS                               │
│    TICKET     REPO       STATUS      │
│ ▸● grove-18   grove      leafing     │
│  ◆ grove-19   grove      QUESTION    │
╰──────────────────────────────────────╯
╭──────────────────────────────────────╮
│ ACTIVITY                             │
│  0m      ✿  grove-18    planted — ro │
╰──────────────────────────────────────╯
·      ·      ·      ·      ·      ·    
                                        
              ◆                         
                                        
  ♟✿          ✿                         
▁▁▁▁▁▁.▁.▁▁.▁▁▁▁▁▁▁.▁▁▁▁▁.▁▁▁▁▁▁▁▁▁,▁▁▁,
  #18 0m    #19 ?   
 O new chat · ) profiled chat  │  ? help